[degeneth.xyz/index.html]
[backblue.gif]
[fade.gif]
[index.html]
[degeneth.xyz/css/index.79dc23f9db103c3b82050bf901adbf14.css]
[degeneth.xyz/js/vendor.518dd395d69e584a0d7a21b8f638f908.js]
[degeneth.xyz/js/app.4e0f61e787f46c916534b8333626a107.js]
[degeneth.xyz/favicon.svg]
[degeneth.xyz/manifest.json]
[degeneth.xyz/index.html]
[degeneth.xyz/staking/index.html]
[degeneth.xyz/reflections/index.html]
[degeneth.xyz/js/ethers_helper.1e65d565b169c930e6e836ff9a1c8465.js]
[degeneth.xyz/js/index.html]
[degeneth.xyz/js/optimism_helpers.981a7cad0bae76030669bd0d7eec29bd.js]
[degeneth.xyz/js/prices.c0dc202783d03767f9c41e630ab2ea19.js]
[degeneth.xyz/reflections/index.html]
[degeneth.xyz/js/deth_reflections.260def5d7fad73478d1a828fe0c80dd4.js]
[degeneth.xyz/js/bandit_staking.decef3df34949e60d490514adb1cdb03.js]
[degeneth.xyz/staking/index.html]
[degeneth.xyz/js/index.html]
[degeneth.xyz/css/index.79dc23f9db103c3b82050bf901adbf14.css]
[degeneth.xyz/manifest.json]
[degeneth.xyz/coffin-emoji-clipart-md.png]
[degeneth.xyz/favicon.svg]
[degeneth.xyz/reflections/index.html]
[degeneth.xyz/coffin-emoji-clipart-md.html]
